../Core/Src/main.c:88:6:AccessSharedData	8	static
../Core/Src/main.c:118:5:main	8	static
../Core/Src/main.c:209:6:SystemClock_Config	88	static
../Core/Src/main.c:255:13:MX_TIM2_Init	32	static
../Core/Src/main.c:300:13:MX_GPIO_Init	40	static
../Core/Src/main.c:335:6:StartGreenLEDTask	16	static
../Core/Src/main.c:361:6:StartRedLEDTask	16	static
../Core/Src/main.c:387:6:StartOrangeLEDTask	16	static
../Core/Src/main.c:407:6:HAL_TIM_PeriodElapsedCallback	16	static
../Core/Src/main.c:424:6:Error_Handler	4	static,ignoring_inline_asm
